// Jest Snapshot v1, https://goo.gl/fbAQLP

exports[`UserInfo component renders UserInfo 1`] = `
<Fragment>
  <div
    className="user-info-photo"
  >
    <img
      alt="John Doe"
      src="https://placekitten.com/200/200"
    />
  </div>
  <div
    className="user-info-profile"
  >
    <h2>
      John Doe
    </h2>
    <p>
      Followers: 
      1
       | Following: 
      12
    </p>
    <p>
      <a
        href="http://www.hello.com"
      >
        GitHub profile
      </a>
    </p>
  </div>
</Fragment>
`;
