// Jest Snapshot v1, https://goo.gl/fbAQLP

exports[`App component renders App 1`] = `
<Fragment>
  <header>
    <h1>
      GitHub Viewer
    </h1>
  </header>
  <div>
    <GitSearch
      inputText="mehtaphysical"
      onChange={[Function]}
      onSubmit={[Function]}
    />
    <UserInfo
      avatar_url=""
      followers={NaN}
      following={NaN}
      login=""
      name=""
      url=""
    />
    <Repos
      repos={
        Array [
          Object {
            "id": NaN,
            "name": "",
          },
        ]
      }
      user=""
    />
  </div>
</Fragment>
`;
