// Jest Snapshot v1, https://goo.gl/fbAQLP

exports[`App component renders App 1`] = `
<Fragment>
  <header>
    <h1>
      GitHub Viewer
    </h1>
  </header>
  <body>
    <GitSearch
      inputText=""
      onChange={[Function]}
      onSubmit={[Function]}
    />
    <UserInfo
      avatar_url="https://placekitten.com/200/200"
      followers={1}
      following={12}
      name="John Doe"
      url="http://www.hello.com"
    />
    <Repos
      repos={
        Array [
          Object {
            "id": 1,
            "name": "Lorem Ipsum",
          },
          Object {
            "id": 2,
            "name": "Dolor",
          },
        ]
      }
    />
  </body>
</Fragment>
`;
